{
  "version": "1.4.0",
  "plugins_used": [
    {
      "name": "Base64HighEntropyString",
      "config": {
        "limit": 4.5
      }
    },
    {
      "name": "HexHighEntropyString",
      "config": {
        "limit": 3.0
      }
    }
  ],
  "exclude": {
    "files": null,
    "lines": null
  },
  "results": {},
  "generated_at": "2025-08-24T18:00:00Z"
}
